
Ketan.Bhikadiya@91ISDL035219 MINGW64 ~/.ssh
$ git version
git version 2.27.0.windows.1

Ketan.Bhikadiya@91ISDL035219 MINGW64 ~/.ssh
$ cd C:/Python_SPark/Deploy_ML_Model/deployML_Local_Environment/

Ketan.Bhikadiya@91ISDL035219 MINGW64 /c/Python_SPark/Deploy_ML_Model/deployML_Local_Environment
$ git push
fatal: not a git repository (or any of the parent directories): .git

Ketan.Bhikadiya@91ISDL035219 MINGW64 /c/Python_SPark/Deploy_ML_Model/deployML_Local_Environment
$ ls
app.py  app_copy.py  LICENSE  model.pkl  model.py  Procfile  README.md  request.py  requirements.txt  templates/

Ketan.Bhikadiya@91ISDL035219 MINGW64 /c/Python_SPark/Deploy_ML_Model/deployML_Local_Environment
$ cd ..

Ketan.Bhikadiya@91ISDL035219 MINGW64 /c/Python_SPark/Deploy_ML_Model
$ ls
deployML_Local_Environment/  deployML-PAAS-Heroku-Demo-master/  flask1.py*  ml_predict_salary_july_2020/  Untitled.ipyn

Ketan.Bhikadiya@91ISDL035219 MINGW64 /c/Python_SPark/Deploy_ML_Model
$ cd ml_predict_salary_july_2020/

Ketan.Bhikadiya@91ISDL035219 MINGW64 /c/Python_SPark/Deploy_ML_Model/ml_predict_salary_july_2020 (master)
$ git push
Everything up-to-date

Ketan.Bhikadiya@91ISDL035219 MINGW64 /c/Python_SPark/Deploy_ML_Model/ml_predict_salary_july_2020 (master)
$ ls
git_new_v1.txt  README.md

Ketan.Bhikadiya@91ISDL035219 MINGW64 /c/Python_SPark/Deploy_ML_Model/ml_predict_salary_july_2020 (master)
$ notepad++ git_new_v1.txt

Ketan.Bhikadiya@91ISDL035219 MINGW64 /c/Python_SPark/Deploy_ML_Model/ml_predict_salary_july_2020 (master)
$ git status
On branch master
Your branch is up to date with 'origin/master'.

Changes not staged for commit:
  (use "git add <file>..." to update what will be committed)
  (use "git restore <file>..." to discard changes in working directory)
        modified:   git_new_v1.txt

no changes added to commit (use "git add" and/or "git commit -a")

Ketan.Bhikadiya@91ISDL035219 MINGW64 /c/Python_SPark/Deploy_ML_Model/ml_predict_salary_july_2020 (master)
$ git -am "adding changes to git command text file"
unknown option: -am
usage: git [--version] [--help] [-C <path>] [-c <name>=<value>]
           [--exec-path[=<path>]] [--html-path] [--man-path] [--info-path]
           [-p | --paginate | -P | --no-pager] [--no-replace-objects] [--bare]
           [--git-dir=<path>] [--work-tree=<path>] [--namespace=<name>]
           <command> [<args>]

Ketan.Bhikadiya@91ISDL035219 MINGW64 /c/Python_SPark/Deploy_ML_Model/ml_predict_salary_july_2020 (master)
$ git commit -am "adding changes to git command text file"
[master 29a5af4] adding changes to git command text file
 1 file changed, 204 insertions(+), 1 deletion(-)

Ketan.Bhikadiya@91ISDL035219 MINGW64 /c/Python_SPark/Deploy_ML_Model/ml_predict_salary_july_2020 (master)
$ git status
On branch master
Your branch is ahead of 'origin/master' by 1 commit.
  (use "git push" to publish your local commits)

nothing to commit, working tree clean

Ketan.Bhikadiya@91ISDL035219 MINGW64 /c/Python_SPark/Deploy_ML_Model/ml_predict_salary_july_2020 (master)
$ git push
Enumerating objects: 5, done.
Counting objects: 100% (5/5), done.
Delta compression using up to 4 threads
Compressing objects: 100% (3/3), done.
Writing objects: 100% (3/3), 3.13 KiB | 3.13 MiB/s, done.
Total 3 (delta 0), reused 0 (delta 0), pack-reused 0
To https://github.com/Ketan9/ml_predict_salary_july_2020.git
   fca609a..29a5af4  master -> master

Ketan.Bhikadiya@91ISDL035219 MINGW64 /c/Python_SPark/Deploy_ML_Model/ml_predict_salary_july_2020 (master)
$ ^C

Ketan.Bhikadiya@91ISDL035219 MINGW64 /c/Python_SPark/Deploy_ML_Model/ml_predict_salary_july_2020 (master)
$ ls
git_new_v1.txt  README.md

Ketan.Bhikadiya@91ISDL035219 MINGW64 /c/Python_SPark/Deploy_ML_Model/ml_predict_salary_july_2020 (master)
$ cd ..

Ketan.Bhikadiya@91ISDL035219 MINGW64 /c/Python_SPark/Deploy_ML_Model
$ ls
deployML_Local_Environment/  deployML-PAAS-Heroku-Demo-master/  flask1.py*  ml_predict_salary_july_2020/  my_website/

Ketan.Bhikadiya@91ISDL035219 MINGW64 /c/Python_SPark/Deploy_ML_Model
$ git init my_website
Initialized empty Git repository in C:/Python_SPark/Deploy_ML_Model/my_website/.git/

Ketan.Bhikadiya@91ISDL035219 MINGW64 /c/Python_SPark/Deploy_ML_Model
$ git status
fatal: not a git repository (or any of the parent directories): .git

Ketan.Bhikadiya@91ISDL035219 MINGW64 /c/Python_SPark/Deploy_ML_Model
$ ls
deployML_Local_Environment/  deployML-PAAS-Heroku-Demo-master/  flask1.py*  ml_predict_salary_july_2020/  my_website/

Ketan.Bhikadiya@91ISDL035219 MINGW64 /c/Python_SPark/Deploy_ML_Model
$ cd my_website/

Ketan.Bhikadiya@91ISDL035219 MINGW64 /c/Python_SPark/Deploy_ML_Model/my_website (master)
$ pwd
/c/Python_SPark/Deploy_ML_Model/my_website

Ketan.Bhikadiya@91ISDL035219 MINGW64 /c/Python_SPark/Deploy_ML_Model/my_website (master)
$ git init my_website
Initialized empty Git repository in C:/Python_SPark/Deploy_ML_Model/my_website/my_website/.git/

Ketan.Bhikadiya@91ISDL035219 MINGW64 /c/Python_SPark/Deploy_ML_Model/my_website (master)
$ git status
On branch master

No commits yet

Untracked files:
  (use "git add <file>..." to include in what will be committed)
        apple-touch-icon.png
        browserconfig.xml
        css/
        favicon.ico
        fonts/
        index.html
        js/
        my_website/
        tile-wide.png
        tile.png

nothing added to commit but untracked files present (use "git add" to track)

Ketan.Bhikadiya@91ISDL035219 MINGW64 /c/Python_SPark/Deploy_ML_Model/my_website (master)
$ ls
apple-touch-icon.png  browserconfig.xml  css/  favicon.ico  fonts/  img/  index.html  js/  tile.png  tile-wide.png

Ketan.Bhikadiya@91ISDL035219 MINGW64 /c/Python_SPark/Deploy_ML_Model/my_website (master)
$ git status
fatal: not a git repository (or any of the parent directories): .git

Ketan.Bhikadiya@91ISDL035219 MINGW64 /c/Python_SPark/Deploy_ML_Model/my_website
$ pwd
/c/Python_SPark/Deploy_ML_Model/my_website

Ketan.Bhikadiya@91ISDL035219 MINGW64 /c/Python_SPark/Deploy_ML_Model/my_website
$ cd ..

Ketan.Bhikadiya@91ISDL035219 MINGW64 /c/Python_SPark/Deploy_ML_Model
$ git init my_website
Initialized empty Git repository in C:/Python_SPark/Deploy_ML_Model/my_website/.git/

Ketan.Bhikadiya@91ISDL035219 MINGW64 /c/Python_SPark/Deploy_ML_Model
$ git status
fatal: not a git repository (or any of the parent directories): .git

Ketan.Bhikadiya@91ISDL035219 MINGW64 /c/Python_SPark/Deploy_ML_Model
$ ls
deployML_Local_Environment/  deployML-PAAS-Heroku-Demo-master/  flask1.py*  ml_predict_salary_july_2020/  my_website/

Ketan.Bhikadiya@91ISDL035219 MINGW64 /c/Python_SPark/Deploy_ML_Model
$ cd my_website/

Ketan.Bhikadiya@91ISDL035219 MINGW64 /c/Python_SPark/Deploy_ML_Model/my_website (master)
$ ls
apple-touch-icon.png  browserconfig.xml  css/  favicon.ico  fonts/  img/  index.html  js/  tile.png  tile-wide.png

Ketan.Bhikadiya@91ISDL035219 MINGW64 /c/Python_SPark/Deploy_ML_Model/my_website (master)
$ git status
On branch master

No commits yet

Untracked files:
  (use "git add <file>..." to include in what will be committed)
        apple-touch-icon.png
        browserconfig.xml
        css/
        favicon.ico
        fonts/
        index.html
        js/
        tile-wide.png
        tile.png

nothing added to commit but untracked files present (use "git add" to track)

Ketan.Bhikadiya@91ISDL035219 MINGW64 /c/Python_SPark/Deploy_ML_Model/my_website (master)
$ git add .
warning: LF will be replaced by CRLF in browserconfig.xml.
The file will have its original line endings in your working directory
warning: LF will be replaced by CRLF in css/bootstrap-theme.css.
The file will have its original line endings in your working directory
warning: LF will be replaced by CRLF in css/bootstrap-theme.min.css.
The file will have its original line endings in your working directory
warning: LF will be replaced by CRLF in css/bootstrap.css.
The file will have its original line endings in your working directory
warning: LF will be replaced by CRLF in css/bootstrap.min.css.
The file will have its original line endings in your working directory
warning: LF will be replaced by CRLF in css/main.css.
The file will have its original line endings in your working directory
warning: LF will be replaced by CRLF in fonts/glyphicons-halflings-regular.svg.
The file will have its original line endings in your working directory
warning: LF will be replaced by CRLF in index.html.
The file will have its original line endings in your working directory
warning: LF will be replaced by CRLF in js/main.js.
The file will have its original line endings in your working directory
warning: LF will be replaced by CRLF in js/vendor/bootstrap.js.
The file will have its original line endings in your working directory
warning: LF will be replaced by CRLF in js/vendor/bootstrap.min.js.
The file will have its original line endings in your working directory
warning: LF will be replaced by CRLF in js/vendor/jquery-1.11.2.min.js.
The file will have its original line endings in your working directory
warning: LF will be replaced by CRLF in js/vendor/modernizr-2.8.3-respond-1.4.2.min.js.
The file will have its original line endings in your working directory
warning: LF will be replaced by CRLF in js/vendor/npm.js.
The file will have its original line endings in your working directory

Ketan.Bhikadiya@91ISDL035219 MINGW64 /c/Python_SPark/Deploy_ML_Model/my_website (master)
$ git commit -m "commiting all my-website files"
[master (root-commit) 780499a] commiting all my-website files
 23 files changed, 9539 insertions(+)
 create mode 100644 apple-touch-icon.png
 create mode 100644 browserconfig.xml
 create mode 100644 css/bootstrap-theme.css
 create mode 100644 css/bootstrap-theme.css.map
 create mode 100644 css/bootstrap-theme.min.css
 create mode 100644 css/bootstrap.css
 create mode 100644 css/bootstrap.css.map
 create mode 100644 css/bootstrap.min.css
 create mode 100644 css/main.css
 create mode 100644 favicon.ico
 create mode 100644 fonts/glyphicons-halflings-regular.eot
 create mode 100644 fonts/glyphicons-halflings-regular.svg
 create mode 100644 fonts/glyphicons-halflings-regular.ttf
 create mode 100644 fonts/glyphicons-halflings-regular.woff
 create mode 100644 index.html
 create mode 100644 js/main.js
 create mode 100644 js/vendor/bootstrap.js
 create mode 100644 js/vendor/bootstrap.min.js
 create mode 100644 js/vendor/jquery-1.11.2.min.js
 create mode 100644 js/vendor/modernizr-2.8.3-respond-1.4.2.min.js
 create mode 100644 js/vendor/npm.js
 create mode 100644 tile-wide.png
 create mode 100644 tile.png

Ketan.Bhikadiya@91ISDL035219 MINGW64 /c/Python_SPark/Deploy_ML_Model/my_website (master)
$ git push
fatal: No configured push destination.
Either specify the URL from the command-line or configure a remote repository using

    git remote add <name> <url>

and then push using the remote name

    git push <name>


Ketan.Bhikadiya@91ISDL035219 MINGW64 /c/Python_SPark/Deploy_ML_Model/my_website (master)
$ git push https://github.com/Ketan9/my-website.git
fatal: The current branch master has no upstream branch.
To push the current branch and set the remote as upstream, use

    git push --set-upstream https://github.com/Ketan9/my-website.git master


Ketan.Bhikadiya@91ISDL035219 MINGW64 /c/Python_SPark/Deploy_ML_Model/my_website (master)
$ git remote add origin https://github.com/Ketan9/my-website.git

Ketan.Bhikadiya@91ISDL035219 MINGW64 /c/Python_SPark/Deploy_ML_Model/my_website (master)
$ git status
On branch master
nothing to commit, working tree clean

Ketan.Bhikadiya@91ISDL035219 MINGW64 /c/Python_SPark/Deploy_ML_Model/my_website (master)
$ git hist
* 780499a (HEAD -> master) commiting all my-website files

Ketan.Bhikadiya@91ISDL035219 MINGW64 /c/Python_SPark/Deploy_ML_Model/my_website (master)
$ git push -u origin master
Enumerating objects: 29, done.
Counting objects: 100% (29/29), done.
Delta compression using up to 4 threads
Compressing objects: 100% (28/28), done.
Writing objects: 100% (29/29), 273.81 KiB | 6.22 MiB/s, done.
Total 29 (delta 3), reused 0 (delta 0), pack-reused 0
remote: Resolving deltas: 100% (3/3), done.
To https://github.com/Ketan9/my-website.git
 * [new branch]      master -> master
Branch 'master' set up to track remote branch 'master' from 'origin'.

Ketan.Bhikadiya@91ISDL035219 MINGW64 /c/Python_SPark/Deploy_ML_Model/my_website (master)
$ git status
On branch master
Your branch is up to date with 'origin/master'.

nothing to commit, working tree clean

Ketan.Bhikadiya@91ISDL035219 MINGW64 /c/Python_SPark/Deploy_ML_Model/my_website (master)
$ it status
bash: it: command not found

Ketan.Bhikadiya@91ISDL035219 MINGW64 /c/Python_SPark/Deploy_ML_Model/my_website (master)
$ git status
On branch master
Your branch is up to date with 'origin/master'.

nothing to commit, working tree clean

Ketan.Bhikadiya@91ISDL035219 MINGW64 /c/Python_SPark/Deploy_ML_Model/my_website (master)
$ git remote add origin  https://github.com/Ketan9/my-website.git
fatal: remote origin already exists.

Ketan.Bhikadiya@91ISDL035219 MINGW64 /c/Python_SPark/Deploy_ML_Model/my_website (master)
$ git remote -v
origin  https://github.com/Ketan9/my-website.git (fetch)
origin  https://github.com/Ketan9/my-website.git (push)

Ketan.Bhikadiya@91ISDL035219 MINGW64 /c/Python_SPark/Deploy_ML_Model/my_website (master)
$ cd ..

Ketan.Bhikadiya@91ISDL035219 MINGW64 /c/Python_SPark/Deploy_ML_Model
$ ls
deployML_Local_Environment/  deployML-PAAS-Heroku-Demo-master/  flask1.py*  ml_predict_salary_july_2020/  my_website/

Ketan.Bhikadiya@91ISDL035219 MINGW64 /c/Python_SPark/Deploy_ML_Model
$ cd ml_predict_salary_july_2020/

Ketan.Bhikadiya@91ISDL035219 MINGW64 /c/Python_SPark/Deploy_ML_Model/ml_predict_salary_july_2020 (master)
$ git remote -v
origin  https://github.com/Ketan9/ml_predict_salary_july_2020.git (fetch)
origin  https://github.com/Ketan9/ml_predict_salary_july_2020.git (push)

Ketan.Bhikadiya@91ISDL035219 MINGW64 /c/Python_SPark/Deploy_ML_Model/ml_predict_salary_july_2020 (master)
$ git push
Everything up-to-date

Ketan.Bhikadiya@91ISDL035219 MINGW64 /c/Python_SPark/Deploy_ML_Model/ml_predict_salary_july_2020 (master)
$ ls
git_new_v1.txt  README.md

Ketan.Bhikadiya@91ISDL035219 MINGW64 /c/Python_SPark/Deploy_ML_Model/ml_predict_salary_july_2020 (master)
$ cd C:/Python_SPark/Deploy_ML_Model/

Ketan.Bhikadiya@91ISDL035219 MINGW64 /c/Python_SPark/Deploy_ML_Model
$ ls
deployML_Local_Environment/        flask1.py*                    my_website/
deployML-PAAS-Heroku-Demo-master/  ml_predict_salary_july_2020/  Untitled.ipynb

Ketan.Bhikadiya@91ISDL035219 MINGW64 /c/Python_SPark/Deploy_ML_Model
$ cd ml_predict_salary_july_2020/

Ketan.Bhikadiya@91ISDL035219 MINGW64 /c/Python_SPark/Deploy_ML_Model/ml_predict_salary_july_2020 (master)
$ git status
On branch master
Your branch is up to date with 'origin/master'.

nothing to commit, working tree clean

Ketan.Bhikadiya@91ISDL035219 MINGW64 /c/Python_SPark/Deploy_ML_Model/ml_predict_salary_july_2020 (master)
$ git remote -v
origin  https://github.com/Ketan9/ml_predict_salary_july_2020.git (fetch)
origin  https://github.com/Ketan9/ml_predict_salary_july_2020.git (push)

Ketan.Bhikadiya@91ISDL035219 MINGW64 /c/Python_SPark/Deploy_ML_Model/ml_predict_salary_july_2020 (master)
$ git status
On branch master
Your branch is up to date with 'origin/master'.

Untracked files:
  (use "git add <file>..." to include in what will be committed)
        .gitignore
        Procfile
        app.py
        model.pkl
        model.py
        request.py
        requirements.txt
        templates/

nothing added to commit but untracked files present (use "git add" to track)

Ketan.Bhikadiya@91ISDL035219 MINGW64 /c/Python_SPark/Deploy_ML_Model/ml_predict_salary_july_2020 (master)
$ git add .
warning: LF will be replaced by CRLF in app.py.
The file will have its original line endings in your working directory
warning: LF will be replaced by CRLF in model.py.
The file will have its original line endings in your working directory
warning: LF will be replaced by CRLF in request.py.
The file will have its original line endings in your working directory
warning: LF will be replaced by CRLF in templates/index.html.
The file will have its original line endings in your working directory

Ketan.Bhikadiya@91ISDL035219 MINGW64 /c/Python_SPark/Deploy_ML_Model/ml_predict_salary_july_2020 (master)
$ git status
On branch master
Your branch is up to date with 'origin/master'.

Changes to be committed:
  (use "git restore --staged <file>..." to unstage)
        new file:   .gitignore
        new file:   Procfile
        new file:   app.py
        new file:   model.pkl
        new file:   model.py
        new file:   request.py
        new file:   requirements.txt
        new file:   templates/index.html


Ketan.Bhikadiya@91ISDL035219 MINGW64 /c/Python_SPark/Deploy_ML_Model/ml_predict_salary_july_2020 (master)
$ git commit -m "commiting changes in the repo"
[master 1bfcad6] commiting changes in the repo
 8 files changed, 142 insertions(+)
 create mode 100644 .gitignore
 create mode 100644 Procfile
 create mode 100644 app.py
 create mode 100644 model.pkl
 create mode 100644 model.py
 create mode 100644 request.py
 create mode 100644 requirements.txt
 create mode 100644 templates/index.html

Ketan.Bhikadiya@91ISDL035219 MINGW64 /c/Python_SPark/Deploy_ML_Model/ml_predict_salary_july_2020 (master)
$ git status
On branch master
Your branch is ahead of 'origin/master' by 1 commit.
  (use "git push" to publish your local commits)

nothing to commit, working tree clean

Ketan.Bhikadiya@91ISDL035219 MINGW64 /c/Python_SPark/Deploy_ML_Model/ml_predict_salary_july_2020 (master)
$ git push
Enumerating objects: 12, done.
Counting objects: 100% (12/12), done.
Delta compression using up to 4 threads
Compressing objects: 100% (9/9), done.
Writing objects: 100% (11/11), 2.93 KiB | 998.00 KiB/s, done.
Total 11 (delta 0), reused 0 (delta 0), pack-reused 0
remote: This repository moved. Please use the new location:
remote:   https://github.com/Ketan9/ml-predict-salary-july-2020.git
To https://github.com/Ketan9/ml_predict_salary_july_2020.git
   29a5af4..1bfcad6  master -> master

Ketan.Bhikadiya@91ISDL035219 MINGW64 /c/Python_SPark/Deploy_ML_Model/ml_predict_salary_july_2020 (master)
$ ls
app.py  git_new_v1.txt  model.pkl  model.py  Procfile  README.md  request.py  requirements.txt  templates/

Ketan.Bhikadiya@91ISDL035219 MINGW64 /c/Python_SPark/Deploy_ML_Model/ml_predict_salary_july_2020 (master)
$ got clone
bash: got: command not found

Ketan.Bhikadiya@91ISDL035219 MINGW64 /c/Python_SPark/Deploy_ML_Model/ml_predict_salary_july_2020 (master)
$ got clone https://github.com/Ketan9/ml-predict-salary-july-2020/
bash: got: command not found

Ketan.Bhikadiya@91ISDL035219 MINGW64 /c/Python_SPark/Deploy_ML_Model/ml_predict_salary_july_2020 (master)
$ git pull
remote: Enumerating objects: 6, done.
remote: Counting objects: 100% (6/6), done.
remote: Compressing objects: 100% (3/3), done.
remote: Total 5 (delta 1), reused 0 (delta 0), pack-reused 0
Unpacking objects: 100% (5/5), 1.28 KiB | 57.00 KiB/s, done.
From https://github.com/Ketan9/ml_predict_salary_july_2020
   1bfcad6..15de458  master     -> origin/master
Updating 1bfcad6..15de458
Fast-forward
 .github/workflows/python-app.yml | 36 ++++++++++++++++++++++++++++++++++++
 1 file changed, 36 insertions(+)
 create mode 100644 .github/workflows/python-app.yml

Ketan.Bhikadiya@91ISDL035219 MINGW64 /c/Python_SPark/Deploy_ML_Model/ml_predict_salary_july_2020 (master)
$ ls
app.py  git_new_v1.txt  model.pkl  model.py  Procfile  README.md  request.py  requirements.txt  templates/

Ketan.Bhikadiya@91ISDL035219 MINGW64 /c/Python_SPark/Deploy_ML_Model/ml_predict_salary_july_2020 (master)
$ git status
On branch master
Your branch is up to date with 'origin/master'.

nothing to commit, working tree clean

Ketan.Bhikadiya@91ISDL035219 MINGW64 /c/Python_SPark/Deploy_ML_Model/ml_predict_salary_july_2020 (master)
$ ls -al
total 38
drwxr-xr-x 1 Ketan.Bhikadiya 1049089    0 Jul 17 02:56 ./
drwxr-xr-x 1 Ketan.Bhikadiya 1049089    0 Jul 16 05:17 ../
drwxr-xr-x 1 Ketan.Bhikadiya 1049089    0 Jul 17 02:57 .git/
drwxr-xr-x 1 Ketan.Bhikadiya 1049089    0 Jul 17 02:56 .github/
-rw-r--r-- 1 Ketan.Bhikadiya 1049089  123 Aug 25  2019 .gitignore
-rw-r--r-- 1 Ketan.Bhikadiya 1049089  805 Jul 15 00:30 app.py
-rw-r--r-- 1 Ketan.Bhikadiya 1049089 8881 Jul 16 05:15 git_new_v1.txt
-rw-r--r-- 1 Ketan.Bhikadiya 1049089  546 Aug 25  2019 model.pkl
-rw-r--r-- 1 Ketan.Bhikadiya 1049089 1098 Aug 25  2019 model.py
-rw-r--r-- 1 Ketan.Bhikadiya 1049089   21 Aug 25  2019 Procfile
-rw-r--r-- 1 Ketan.Bhikadiya 1049089   80 Jul 16 01:25 README.md
-rw-r--r-- 1 Ketan.Bhikadiya 1049089  157 Aug 25  2019 request.py
-rw-r--r-- 1 Ketan.Bhikadiya 1049089  190 Aug 25  2019 requirements.txt
drwxr-xr-x 1 Ketan.Bhikadiya 1049089    0 Jul 17 00:55 templates/

Ketan.Bhikadiya@91ISDL035219 MINGW64 /c/Python_SPark/Deploy_ML_Model/ml_predict_salary_july_2020 (master)
$ cd .github/

Ketan.Bhikadiya@91ISDL035219 MINGW64 /c/Python_SPark/Deploy_ML_Model/ml_predict_salary_july_2020/.github (master)
$ ls
workflows/

Ketan.Bhikadiya@91ISDL035219 MINGW64 /c/Python_SPark/Deploy_ML_Model/ml_predict_salary_july_2020/.github (master)
$ cd workflows/

Ketan.Bhikadiya@91ISDL035219 MINGW64 /c/Python_SPark/Deploy_ML_Model/ml_predict_salary_july_2020/.github/workflows (master)
$ ls
python-app.yml

Ketan.Bhikadiya@91ISDL035219 MINGW64 /c/Python_SPark/Deploy_ML_Model/ml_predict_salary_july_2020/.github/workflows (master)
$ notepad++ python-app.yml

Ketan.Bhikadiya@91ISDL035219 MINGW64 /c/Python_SPark/Deploy_ML_Model/ml_predict_salary_july_2020/.github/workflows (master)
$ cd ..

Ketan.Bhikadiya@91ISDL035219 MINGW64 /c/Python_SPark/Deploy_ML_Model/ml_predict_salary_july_2020/.github (master)
$ ls
workflows/

Ketan.Bhikadiya@91ISDL035219 MINGW64 /c/Python_SPark/Deploy_ML_Model/ml_predict_salary_july_2020/.github (master)
$ cd ..

Ketan.Bhikadiya@91ISDL035219 MINGW64 /c/Python_SPark/Deploy_ML_Model/ml_predict_salary_july_2020 (master)
$ ls
app.py  git_new_v1.txt  model.pkl  model.py  Procfile  README.md  request.py  requirements.txt  templates/

Ketan.Bhikadiya@91ISDL035219 MINGW64 /c/Python_SPark/Deploy_ML_Model/ml_predict_salary_july_2020 (master)
$ pwd
/c/Python_SPark/Deploy_ML_Model/ml_predict_salary_july_2020

Ketan.Bhikadiya@91ISDL035219 MINGW64 /c/Python_SPark/Deploy_ML_Model/ml_predict_salary_july_2020 (master)
$ git push
Everything up-to-date

Ketan.Bhikadiya@91ISDL035219 MINGW64 /c/Python_SPark/Deploy_ML_Model/ml_predict_salary_july_2020 (master)
$ git status
On branch master
Your branch is up to date with 'origin/master'.

Changes not staged for commit:
  (use "git add <file>..." to update what will be committed)
  (use "git restore <file>..." to discard changes in working directory)
        modified:   .github/workflows/python-app.yml

no changes added to commit (use "git add" and/or "git commit -a")

Ketan.Bhikadiya@91ISDL035219 MINGW64 /c/Python_SPark/Deploy_ML_Model/ml_predict_salary_july_2020 (master)
$ git add.
git: 'add.' is not a git command. See 'git --help'.

The most similar command is
        add

Ketan.Bhikadiya@91ISDL035219 MINGW64 /c/Python_SPark/Deploy_ML_Model/ml_predict_salary_july_2020 (master)
$ git add .

Ketan.Bhikadiya@91ISDL035219 MINGW64 /c/Python_SPark/Deploy_ML_Model/ml_predict_salary_july_2020 (master)
$ git commit -m "updated yml file"
[master c791560] updated yml file
 1 file changed, 1 insertion(+)

Ketan.Bhikadiya@91ISDL035219 MINGW64 /c/Python_SPark/Deploy_ML_Model/ml_predict_salary_july_2020 (master)
$ git status
On branch master
Your branch is ahead of 'origin/master' by 1 commit.
  (use "git push" to publish your local commits)

nothing to commit, working tree clean

Ketan.Bhikadiya@91ISDL035219 MINGW64 /c/Python_SPark/Deploy_ML_Model/ml_predict_salary_july_2020 (master)
$ git push
Enumerating objects: 9, done.
Counting objects: 100% (9/9), done.
Delta compression using up to 4 threads
Compressing objects: 100% (3/3), done.
Writing objects: 100% (5/5), 419 bytes | 209.00 KiB/s, done.
Total 5 (delta 2), reused 0 (delta 0), pack-reused 0
remote: Resolving deltas: 100% (2/2), completed with 2 local objects.
remote: This repository moved. Please use the new location:
remote:   https://github.com/Ketan9/ml-predict-salary-july-2020.git
To https://github.com/Ketan9/ml_predict_salary_july_2020.git
   15de458..c791560  master -> master

Ketan.Bhikadiya@91ISDL035219 MINGW64 /c/Python_SPark/Deploy_ML_Model/ml_predict_salary_july_2020 (master)
$ cd .github/

Ketan.Bhikadiya@91ISDL035219 MINGW64 /c/Python_SPark/Deploy_ML_Model/ml_predict_salary_july_2020/.github (master)
$ cd workflows/

Ketan.Bhikadiya@91ISDL035219 MINGW64 /c/Python_SPark/Deploy_ML_Model/ml_predict_salary_july_2020/.github/workflows (master)
$ notepad++ python-app.yml

Ketan.Bhikadiya@91ISDL035219 MINGW64 /c/Python_SPark/Deploy_ML_Model/ml_predict_salary_july_2020/.github/workflows (master)
$ cd ..

Ketan.Bhikadiya@91ISDL035219 MINGW64 /c/Python_SPark/Deploy_ML_Model/ml_predict_salary_july_2020/.github (master)
$ cd ..

Ketan.Bhikadiya@91ISDL035219 MINGW64 /c/Python_SPark/Deploy_ML_Model/ml_predict_salary_july_2020 (master)
$ git add .

Ketan.Bhikadiya@91ISDL035219 MINGW64 /c/Python_SPark/Deploy_ML_Model/ml_predict_salary_july_2020 (master)
$ git commit -m "updated yml file"
[master 0d35107] updated yml file
 1 file changed, 1 insertion(+)

Ketan.Bhikadiya@91ISDL035219 MINGW64 /c/Python_SPark/Deploy_ML_Model/ml_predict_salary_july_2020 (master)
$ git status
On branch master
Your branch is ahead of 'origin/master' by 1 commit.
  (use "git push" to publish your local commits)

nothing to commit, working tree clean

Ketan.Bhikadiya@91ISDL035219 MINGW64 /c/Python_SPark/Deploy_ML_Model/ml_predict_salary_july_2020 (master)
$ git push
Enumerating objects: 9, done.
Counting objects: 100% (9/9), done.
Delta compression using up to 4 threads
Compressing objects: 100% (3/3), done.
Writing objects: 100% (5/5), 430 bytes | 430.00 KiB/s, done.
Total 5 (delta 2), reused 0 (delta 0), pack-reused 0
remote: Resolving deltas: 100% (2/2), completed with 2 local objects.
remote: This repository moved. Please use the new location:
remote:   https://github.com/Ketan9/ml-predict-salary-july-2020.git
To https://github.com/Ketan9/ml_predict_salary_july_2020.git
   c791560..0d35107  master -> master

Ketan.Bhikadiya@91ISDL035219 MINGW64 /c/Python_SPark/Deploy_ML_Model/ml_predict_salary_july_2020 (master)
$ pytest
bash: pytest: command not found

Ketan.Bhikadiya@91ISDL035219 MINGW64 /c/Python_SPark/Deploy_ML_Model/ml_predict_salary_july_2020 (master)
$ ls
__pycache__/  git_new_v1.txt  model.pkl  Procfile   request.py        templates/
app.py        junit/          model.py   README.md  requirements.txt

Ketan.Bhikadiya@91ISDL035219 MINGW64 /c/Python_SPark/Deploy_ML_Model/ml_predict_salary_july_2020 (master)
$ ls -al
total 90
drwxr-xr-x 1 Ketan.Bhikadiya 1049089     0 Jul 17 03:15 ./
drwxr-xr-x 1 Ketan.Bhikadiya 1049089     0 Jul 16 05:17 ../
-rw-r--r-- 1 Ketan.Bhikadiya 1049089 53248 Jul 17 03:15 .coverage
drwxr-xr-x 1 Ketan.Bhikadiya 1049089     0 Jul 17 03:04 .git/
drwxr-xr-x 1 Ketan.Bhikadiya 1049089     0 Jul 17 02:56 .github/
-rw-r--r-- 1 Ketan.Bhikadiya 1049089   123 Aug 25  2019 .gitignore
drwxr-xr-x 1 Ketan.Bhikadiya 1049089     0 Jul 17 03:14 .pytest_cache/
drwxr-xr-x 1 Ketan.Bhikadiya 1049089     0 Jul 17 03:14 __pycache__/
-rw-r--r-- 1 Ketan.Bhikadiya 1049089   805 Jul 15 00:30 app.py
-rw-r--r-- 1 Ketan.Bhikadiya 1049089  8881 Jul 16 05:15 git_new_v1.txt
drwxr-xr-x 1 Ketan.Bhikadiya 1049089     0 Jul 17 03:15 junit/
-rw-r--r-- 1 Ketan.Bhikadiya 1049089   546 Aug 25  2019 model.pkl
-rw-r--r-- 1 Ketan.Bhikadiya 1049089  1098 Aug 25  2019 model.py
-rw-r--r-- 1 Ketan.Bhikadiya 1049089    21 Aug 25  2019 Procfile
-rw-r--r-- 1 Ketan.Bhikadiya 1049089    80 Jul 16 01:25 README.md
-rw-r--r-- 1 Ketan.Bhikadiya 1049089   157 Aug 25  2019 request.py
-rw-r--r-- 1 Ketan.Bhikadiya 1049089   190 Aug 25  2019 requirements.txt
drwxr-xr-x 1 Ketan.Bhikadiya 1049089     0 Jul 17 00:55 templates/

Ketan.Bhikadiya@91ISDL035219 MINGW64 /c/Python_SPark/Deploy_ML_Model/ml_predict_salary_july_2020 (master)
$ cd .github/workflows/

Ketan.Bhikadiya@91ISDL035219 MINGW64 /c/Python_SPark/Deploy_ML_Model/ml_predict_salary_july_2020/.github/workflows (master)
$ ls
python-app.yml

Ketan.Bhikadiya@91ISDL035219 MINGW64 /c/Python_SPark/Deploy_ML_Model/ml_predict_salary_july_2020/.github/workflows (master)
$ notepad++ python-app.yml

Ketan.Bhikadiya@91ISDL035219 MINGW64 /c/Python_SPark/Deploy_ML_Model/ml_predict_salary_july_2020/.github/workflows (master)
$ cd ..

Ketan.Bhikadiya@91ISDL035219 MINGW64 /c/Python_SPark/Deploy_ML_Model/ml_predict_salary_july_2020/.github (master)
$ cd ..

Ketan.Bhikadiya@91ISDL035219 MINGW64 /c/Python_SPark/Deploy_ML_Model/ml_predict_salary_july_2020 (master)
$ git status
On branch master
Your branch is up to date with 'origin/master'.

Changes not staged for commit:
  (use "git add <file>..." to update what will be committed)
  (use "git restore <file>..." to discard changes in working directory)
        modified:   .github/workflows/python-app.yml

Untracked files:
  (use "git add <file>..." to include in what will be committed)
        junit/

no changes added to commit (use "git add" and/or "git commit -a")

Ketan.Bhikadiya@91ISDL035219 MINGW64 /c/Python_SPark/Deploy_ML_Model/ml_predict_salary_july_2020 (master)
$ git add .

Ketan.Bhikadiya@91ISDL035219 MINGW64 /c/Python_SPark/Deploy_ML_Model/ml_predict_salary_july_2020 (master)
$ git commit -m "change"
[master a061f50] change
 2 files changed, 3 insertions(+), 1 deletion(-)
 create mode 100644 junit/test-results.xml

Ketan.Bhikadiya@91ISDL035219 MINGW64 /c/Python_SPark/Deploy_ML_Model/ml_predict_salary_july_2020 (master)
$ git push
Enumerating objects: 11, done.
Counting objects: 100% (11/11), done.
Delta compression using up to 4 threads
Compressing objects: 100% (4/4), done.
Writing objects: 100% (7/7), 750 bytes | 375.00 KiB/s, done.
Total 7 (delta 2), reused 0 (delta 0), pack-reused 0
remote: Resolving deltas: 100% (2/2), completed with 2 local objects.
remote: This repository moved. Please use the new location:
remote:   https://github.com/Ketan9/ml-predict-salary-july-2020.git
To https://github.com/Ketan9/ml_predict_salary_july_2020.git
   0d35107..a061f50  master -> master

Ketan.Bhikadiya@91ISDL035219 MINGW64 /c/Python_SPark/Deploy_ML_Model/ml_predict_salary_july_2020 (master)
$ cd .github/workflows/

Ketan.Bhikadiya@91ISDL035219 MINGW64 /c/Python_SPark/Deploy_ML_Model/ml_predict_salary_july_2020/.github/workflows (master)
$ notepad++ python-app.yml

Ketan.Bhikadiya@91ISDL035219 MINGW64 /c/Python_SPark/Deploy_ML_Model/ml_predict_salary_july_2020/.github/workflows (master)
$ cd ..

Ketan.Bhikadiya@91ISDL035219 MINGW64 /c/Python_SPark/Deploy_ML_Model/ml_predict_salary_july_2020/.github (master)
$ cd ..

Ketan.Bhikadiya@91ISDL035219 MINGW64 /c/Python_SPark/Deploy_ML_Model/ml_predict_salary_july_2020 (master)
$ ls
__pycache__/  git_new_v1.txt  model.pkl  Procfile   request.py        templates/
app.py        junit/          model.py   README.md  requirements.txt

Ketan.Bhikadiya@91ISDL035219 MINGW64 /c/Python_SPark/Deploy_ML_Model/ml_predict_salary_july_2020 (master)
$ git add .

Ketan.Bhikadiya@91ISDL035219 MINGW64 /c/Python_SPark/Deploy_ML_Model/ml_predict_salary_july_2020 (master)
$ git commit -m " "
Aborting commit due to empty commit message.

Ketan.Bhikadiya@91ISDL035219 MINGW64 /c/Python_SPark/Deploy_ML_Model/ml_predict_salary_july_2020 (master)
$ git commit -m " change "
[master 1fb51bd]  change
 1 file changed, 1 insertion(+), 1 deletion(-)

Ketan.Bhikadiya@91ISDL035219 MINGW64 /c/Python_SPark/Deploy_ML_Model/ml_predict_salary_july_2020 (master)
$ git push
Enumerating objects: 9, done.
Counting objects: 100% (9/9), done.
Delta compression using up to 4 threads
Compressing objects: 100% (3/3), done.
Writing objects: 100% (5/5), 402 bytes | 402.00 KiB/s, done.
Total 5 (delta 2), reused 0 (delta 0), pack-reused 0
remote: Resolving deltas: 100% (2/2), completed with 2 local objects.
remote: This repository moved. Please use the new location:
remote:   https://github.com/Ketan9/ml-predict-salary-july-2020.git
To https://github.com/Ketan9/ml_predict_salary_july_2020.git
   a061f50..1fb51bd  master -> master

Ketan.Bhikadiya@91ISDL035219 MINGW64 /c/Python_SPark/Deploy_ML_Model/ml_predict_salary_july_2020 (master)
$ cd .github/

Ketan.Bhikadiya@91ISDL035219 MINGW64 /c/Python_SPark/Deploy_ML_Model/ml_predict_salary_july_2020/.github (master)
$ cd workflows/

Ketan.Bhikadiya@91ISDL035219 MINGW64 /c/Python_SPark/Deploy_ML_Model/ml_predict_salary_july_2020/.github/workflows (master)
$ notepad++ python-app.yml

Ketan.Bhikadiya@91ISDL035219 MINGW64 /c/Python_SPark/Deploy_ML_Model/ml_predict_salary_july_2020/.github/workflows (master)
$ cd ..

Ketan.Bhikadiya@91ISDL035219 MINGW64 /c/Python_SPark/Deploy_ML_Model/ml_predict_salary_july_2020/.github (master)
$ cd ..

Ketan.Bhikadiya@91ISDL035219 MINGW64 /c/Python_SPark/Deploy_ML_Model/ml_predict_salary_july_2020 (master)
$ git add .

Ketan.Bhikadiya@91ISDL035219 MINGW64 /c/Python_SPark/Deploy_ML_Model/ml_predict_salary_july_2020 (master)
$ git commit -m "chnaged yml file"
[master 19dff40] chnaged yml file
 1 file changed, 2 deletions(-)

Ketan.Bhikadiya@91ISDL035219 MINGW64 /c/Python_SPark/Deploy_ML_Model/ml_predict_salary_july_2020 (master)
$ git push
Enumerating objects: 9, done.
Counting objects: 100% (9/9), done.
Delta compression using up to 4 threads
Compressing objects: 100% (3/3), done.
Writing objects: 100% (5/5), 404 bytes | 202.00 KiB/s, done.
Total 5 (delta 2), reused 0 (delta 0), pack-reused 0
remote: Resolving deltas: 100% (2/2), completed with 2 local objects.
remote: This repository moved. Please use the new location:
remote:   https://github.com/Ketan9/ml-predict-salary-july-2020.git
To https://github.com/Ketan9/ml_predict_salary_july_2020.git
   1fb51bd..19dff40  master -> master

Ketan.Bhikadiya@91ISDL035219 MINGW64 /c/Python_SPark/Deploy_ML_Model/ml_predict_salary_july_2020 (master)
$ cd .github/

Ketan.Bhikadiya@91ISDL035219 MINGW64 /c/Python_SPark/Deploy_ML_Model/ml_predict_salary_july_2020/.github (master)
$ cd workflows/

Ketan.Bhikadiya@91ISDL035219 MINGW64 /c/Python_SPark/Deploy_ML_Model/ml_predict_salary_july_2020/.github/workflows (master)
$ notepad++ python-app.yml

Ketan.Bhikadiya@91ISDL035219 MINGW64 /c/Python_SPark/Deploy_ML_Model/ml_predict_salary_july_2020/.github/workflows (master)
$ cd ..

Ketan.Bhikadiya@91ISDL035219 MINGW64 /c/Python_SPark/Deploy_ML_Model/ml_predict_salary_july_2020/.github (master)
$ cd ..

Ketan.Bhikadiya@91ISDL035219 MINGW64 /c/Python_SPark/Deploy_ML_Model/ml_predict_salary_july_2020 (master)
$ git status
On branch master
Your branch is up to date with 'origin/master'.

Changes not staged for commit:
  (use "git add <file>..." to update what will be committed)
  (use "git restore <file>..." to discard changes in working directory)
        modified:   .github/workflows/python-app.yml

no changes added to commit (use "git add" and/or "git commit -a")

Ketan.Bhikadiya@91ISDL035219 MINGW64 /c/Python_SPark/Deploy_ML_Model/ml_predict_salary_july_2020 (master)
$ git add .

Ketan.Bhikadiya@91ISDL035219 MINGW64 /c/Python_SPark/Deploy_ML_Model/ml_predict_salary_july_2020 (master)
$ git commit -m "removed pytest from yml"
[master 24d1d53] removed pytest from yml
 1 file changed, 1 insertion(+), 4 deletions(-)

Ketan.Bhikadiya@91ISDL035219 MINGW64 /c/Python_SPark/Deploy_ML_Model/ml_predict_salary_july_2020 (master)
$ git push
Enumerating objects: 9, done.
Counting objects: 100% (9/9), done.
Delta compression using up to 4 threads
Compressing objects: 100% (3/3), done.
Writing objects: 100% (5/5), 402 bytes | 402.00 KiB/s, done.
Total 5 (delta 2), reused 0 (delta 0), pack-reused 0
remote: Resolving deltas: 100% (2/2), completed with 2 local objects.
remote: This repository moved. Please use the new location:
remote:   https://github.com/Ketan9/ml-predict-salary-july-2020.git
To https://github.com/Ketan9/ml_predict_salary_july_2020.git
   19dff40..24d1d53  master -> master

Ketan.Bhikadiya@91ISDL035219 MINGW64 /c/Python_SPark/Deploy_ML_Model/ml_predict_salary_july_2020 (master)
$ git status
On branch master
Your branch is up to date with 'origin/master'.

Changes not staged for commit:
  (use "git add/rm <file>..." to update what will be committed)
  (use "git restore <file>..." to discard changes in working directory)
        deleted:    junit/test-results.xml

no changes added to commit (use "git add" and/or "git commit -a")

Ketan.Bhikadiya@91ISDL035219 MINGW64 /c/Python_SPark/Deploy_ML_Model/ml_predict_salary_july_2020 (master)
$ git pull
Already up to date.

Ketan.Bhikadiya@91ISDL035219 MINGW64 /c/Python_SPark/Deploy_ML_Model/ml_predict_salary_july_2020 (master)
$ git fetch

Ketan.Bhikadiya@91ISDL035219 MINGW64 /c/Python_SPark/Deploy_ML_Model/ml_predict_salary_july_2020 (master)
$ git add .

Ketan.Bhikadiya@91ISDL035219 MINGW64 /c/Python_SPark/Deploy_ML_Model/ml_predict_salary_july_2020 (master)
$ git commit -m " deleted some files"
[master 1658b0a]  deleted some files
 1 file changed, 1 deletion(-)
 delete mode 100644 junit/test-results.xml

Ketan.Bhikadiya@91ISDL035219 MINGW64 /c/Python_SPark/Deploy_ML_Model/ml_predict_salary_july_2020 (master)
$ git status
On branch master
Your branch is ahead of 'origin/master' by 1 commit.
  (use "git push" to publish your local commits)

nothing to commit, working tree clean

Ketan.Bhikadiya@91ISDL035219 MINGW64 /c/Python_SPark/Deploy_ML_Model/ml_predict_salary_july_2020 (master)
$ git pull
Already up to date.

Ketan.Bhikadiya@91ISDL035219 MINGW64 /c/Python_SPark/Deploy_ML_Model/ml_predict_salary_july_2020 (master)
$ git fetch

Ketan.Bhikadiya@91ISDL035219 MINGW64 /c/Python_SPark/Deploy_ML_Model/ml_predict_salary_july_2020 (master)
$ git push
Enumerating objects: 3, done.
Counting objects: 100% (3/3), done.
Delta compression using up to 4 threads
Compressing objects: 100% (2/2), done.
Writing objects: 100% (2/2), 230 bytes | 230.00 KiB/s, done.
Total 2 (delta 1), reused 0 (delta 0), pack-reused 0
remote: Resolving deltas: 100% (1/1), completed with 1 local object.
remote: This repository moved. Please use the new location:
remote:   https://github.com/Ketan9/ml-predict-salary-july-2020.git
To https://github.com/Ketan9/ml_predict_salary_july_2020.git
   24d1d53..1658b0a  master -> master

Ketan.Bhikadiya@91ISDL035219 MINGW64 /c/Python_SPark/Deploy_ML_Model/ml_predict_salary_july_2020 (master)
$ CD .github/workflows/
bash: CD: command not found

Ketan.Bhikadiya@91ISDL035219 MINGW64 /c/Python_SPark/Deploy_ML_Model/ml_predict_salary_july_2020 (master)
$ cd .github/workflows/

Ketan.Bhikadiya@91ISDL035219 MINGW64 /c/Python_SPark/Deploy_ML_Model/ml_predict_salary_july_2020/.github/workflows (master)
$ notepad++ python-app.yml

Ketan.Bhikadiya@91ISDL035219 MINGW64 /c/Python_SPark/Deploy_ML_Model/ml_predict_salary_july_2020/.github/workflows (master)
$ cd .

Ketan.Bhikadiya@91ISDL035219 MINGW64 /c/Python_SPark/Deploy_ML_Model/ml_predict_salary_july_2020/.github/workflows (master)
$ cd ..

Ketan.Bhikadiya@91ISDL035219 MINGW64 /c/Python_SPark/Deploy_ML_Model/ml_predict_salary_july_2020/.github (master)
$ pwd
/c/Python_SPark/Deploy_ML_Model/ml_predict_salary_july_2020/.github

Ketan.Bhikadiya@91ISDL035219 MINGW64 /c/Python_SPark/Deploy_ML_Model/ml_predict_salary_july_2020/.github (master)
$ cd ..

Ketan.Bhikadiya@91ISDL035219 MINGW64 /c/Python_SPark/Deploy_ML_Model/ml_predict_salary_july_2020 (master)
$ pwd
/c/Python_SPark/Deploy_ML_Model/ml_predict_salary_july_2020

Ketan.Bhikadiya@91ISDL035219 MINGW64 /c/Python_SPark/Deploy_ML_Model/ml_predict_salary_july_2020 (master)
$ git status
On branch master
Your branch is up to date with 'origin/master'.

Changes not staged for commit:
  (use "git add <file>..." to update what will be committed)
  (use "git restore <file>..." to discard changes in working directory)
        modified:   .github/workflows/python-app.yml

no changes added to commit (use "git add" and/or "git commit -a")

Ketan.Bhikadiya@91ISDL035219 MINGW64 /c/Python_SPark/Deploy_ML_Model/ml_predict_salary_july_2020 (master)
$ git add .

Ketan.Bhikadiya@91ISDL035219 MINGW64 /c/Python_SPark/Deploy_ML_Model/ml_predict_salary_july_2020 (master)
$ git commit -m "added heroku api token in yml file"
[master 3be7fe4] added heroku api token in yml file
 1 file changed, 8 insertions(+)

Ketan.Bhikadiya@91ISDL035219 MINGW64 /c/Python_SPark/Deploy_ML_Model/ml_predict_salary_july_2020 (master)
$ git pull
Already up to date.

Ketan.Bhikadiya@91ISDL035219 MINGW64 /c/Python_SPark/Deploy_ML_Model/ml_predict_salary_july_2020 (master)
$ git push
Enumerating objects: 9, done.
Counting objects: 100% (9/9), done.
Delta compression using up to 4 threads
Compressing objects: 100% (3/3), done.
Writing objects: 100% (5/5), 636 bytes | 636.00 KiB/s, done.
Total 5 (delta 2), reused 0 (delta 0), pack-reused 0
remote: Resolving deltas: 100% (2/2), completed with 2 local objects.
remote: This repository moved. Please use the new location:
remote:   https://github.com/Ketan9/ml-predict-salary-july-2020.git
To https://github.com/Ketan9/ml_predict_salary_july_2020.git
   1658b0a..3be7fe4  master -> master

Ketan.Bhikadiya@91ISDL035219 MINGW64 /c/Python_SPark/Deploy_ML_Model/ml_predict_salary_july_2020 (master)
$ cd .github/workflows/

Ketan.Bhikadiya@91ISDL035219 MINGW64 /c/Python_SPark/Deploy_ML_Model/ml_predict_salary_july_2020/.github/workflows (master)
$ notepad++ python-app.yml

Ketan.Bhikadiya@91ISDL035219 MINGW64 /c/Python_SPark/Deploy_ML_Model/ml_predict_salary_july_2020/.github/workflows (master)
$ cd ..

Ketan.Bhikadiya@91ISDL035219 MINGW64 /c/Python_SPark/Deploy_ML_Model/ml_predict_salary_july_2020/.github (master)
$ cd ..

Ketan.Bhikadiya@91ISDL035219 MINGW64 /c/Python_SPark/Deploy_ML_Model/ml_predict_salary_july_2020 (master)
$ pwd
/c/Python_SPark/Deploy_ML_Model/ml_predict_salary_july_2020

Ketan.Bhikadiya@91ISDL035219 MINGW64 /c/Python_SPark/Deploy_ML_Model/ml_predict_salary_july_2020 (master)
$ git status
On branch master
Your branch is up to date with 'origin/master'.

Changes not staged for commit:
  (use "git add <file>..." to update what will be committed)
  (use "git restore <file>..." to discard changes in working directory)
        modified:   .github/workflows/python-app.yml

no changes added to commit (use "git add" and/or "git commit -a")

Ketan.Bhikadiya@91ISDL035219 MINGW64 /c/Python_SPark/Deploy_ML_Model/ml_predict_salary_july_2020 (master)
$ git add .

Ketan.Bhikadiya@91ISDL035219 MINGW64 /c/Python_SPark/Deploy_ML_Model/ml_predict_salary_july_2020 (master)
$ git commit -m "removed heroku token"
[master 210729e] removed heroku token
 1 file changed, 1 insertion(+), 8 deletions(-)

Ketan.Bhikadiya@91ISDL035219 MINGW64 /c/Python_SPark/Deploy_ML_Model/ml_predict_salary_july_2020 (master)
$ git push
To https://github.com/Ketan9/ml_predict_salary_july_2020.git
 ! [rejected]        master -> master (fetch first)
error: failed to push some refs to 'https://github.com/Ketan9/ml_predict_salary_july_2020.git'
hint: Updates were rejected because the remote contains work that you do
hint: not have locally. This is usually caused by another repository pushing
hint: to the same ref. You may want to first integrate the remote changes
hint: (e.g., 'git pull ...') before pushing again.
hint: See the 'Note about fast-forwards' in 'git push --help' for details.

Ketan.Bhikadiya@91ISDL035219 MINGW64 /c/Python_SPark/Deploy_ML_Model/ml_predict_salary_july_2020 (master)
$ git fetch
remote: Enumerating objects: 9, done.
remote: Counting objects: 100% (9/9), done.
remote: Compressing objects: 100% (3/3), done.
remote: Total 5 (delta 2), reused 0 (delta 0), pack-reused 0
Unpacking objects: 100% (5/5), 779 bytes | 59.00 KiB/s, done.
From https://github.com/Ketan9/ml_predict_salary_july_2020
   3be7fe4..705e8e4  master     -> origin/master

Ketan.Bhikadiya@91ISDL035219 MINGW64 /c/Python_SPark/Deploy_ML_Model/ml_predict_salary_july_2020 (master)
$ git push
To https://github.com/Ketan9/ml_predict_salary_july_2020.git
 ! [rejected]        master -> master (non-fast-forward)
error: failed to push some refs to 'https://github.com/Ketan9/ml_predict_salary_july_2020.git'
hint: Updates were rejected because the tip of your current branch is behind
hint: its remote counterpart. Integrate the remote changes (e.g.
hint: 'git pull ...') before pushing again.
hint: See the 'Note about fast-forwards' in 'git push --help' for details.

Ketan.Bhikadiya@91ISDL035219 MINGW64 /c/Python_SPark/Deploy_ML_Model/ml_predict_salary_july_2020 (master)
$ cd .github/workflows/

Ketan.Bhikadiya@91ISDL035219 MINGW64 /c/Python_SPark/Deploy_ML_Model/ml_predict_salary_july_2020/.github/workflows (master)
$ notepad++ python-app.yml

Ketan.Bhikadiya@91ISDL035219 MINGW64 /c/Python_SPark/Deploy_ML_Model/ml_predict_salary_july_2020/.github/workflows (master)
$ pwd
/c/Python_SPark/Deploy_ML_Model/ml_predict_salary_july_2020/.github/workflows

Ketan.Bhikadiya@91ISDL035219 MINGW64 /c/Python_SPark/Deploy_ML_Model/ml_predict_salary_july_2020/.github/workflows (master)
$ cd ..

Ketan.Bhikadiya@91ISDL035219 MINGW64 /c/Python_SPark/Deploy_ML_Model/ml_predict_salary_july_2020/.github (master)
$ cd ..

Ketan.Bhikadiya@91ISDL035219 MINGW64 /c/Python_SPark/Deploy_ML_Model/ml_predict_salary_july_2020 (master)
$ ls
__pycache__/  git_new_v1.txt  model.py  README.md   requirements.txt
app.py        model.pkl       Procfile  request.py  templates/

Ketan.Bhikadiya@91ISDL035219 MINGW64 /c/Python_SPark/Deploy_ML_Model/ml_predict_salary_july_2020 (master)
$ notepad++ git_new_v1.txt

Ketan.Bhikadiya@91ISDL035219 MINGW64 /c/Python_SPark/Deploy_ML_Model/ml_predict_salary_july_2020 (master)
$ git status
On branch master
Your branch and 'origin/master' have diverged,
and have 1 and 1 different commits each, respectively.
  (use "git pull" to merge the remote branch into yours)

Changes not staged for commit:
  (use "git add <file>..." to update what will be committed)
  (use "git restore <file>..." to discard changes in working directory)
        modified:   git_new_v1.txt

no changes added to commit (use "git add" and/or "git commit -a")

Ketan.Bhikadiya@91ISDL035219 MINGW64 /c/Python_SPark/Deploy_ML_Model/ml_predict_salary_july_2020 (master)
$ git add .

Ketan.Bhikadiya@91ISDL035219 MINGW64 /c/Python_SPark/Deploy_ML_Model/ml_predict_salary_july_2020 (master)
$ git commit -m "final commit"
[master 2fb6b09] final commit
 1 file changed, 27 insertions(+), 8 deletions(-)

Ketan.Bhikadiya@91ISDL035219 MINGW64 /c/Python_SPark/Deploy_ML_Model/ml_predict_salary_july_2020 (master)
$ git push
To https://github.com/Ketan9/ml_predict_salary_july_2020.git
 ! [rejected]        master -> master (non-fast-forward)
error: failed to push some refs to 'https://github.com/Ketan9/ml_predict_salary_july_2020.git'
hint: Updates were rejected because the tip of your current branch is behind
hint: its remote counterpart. Integrate the remote changes (e.g.
hint: 'git pull ...') before pushing again.
hint: See the 'Note about fast-forwards' in 'git push --help' for details.

Ketan.Bhikadiya@91ISDL035219 MINGW64 /c/Python_SPark/Deploy_ML_Model/ml_predict_salary_july_2020 (master)
$ git push --help

Ketan.Bhikadiya@91ISDL035219 MINGW64 /c/Python_SPark/Deploy_ML_Model/ml_predict_salary_july_2020 (master)
$ git pull --rebase
Successfully rebased and updated refs/heads/master.

Ketan.Bhikadiya@91ISDL035219 MINGW64 /c/Python_SPark/Deploy_ML_Model/ml_predict_salary_july_2020 (master)
$ git push
Enumerating objects: 5, done.
Counting objects: 100% (5/5), done.
Delta compression using up to 4 threads
Compressing objects: 100% (3/3), done.
Writing objects: 100% (3/3), 904 bytes | 904.00 KiB/s, done.
Total 3 (delta 2), reused 0 (delta 0), pack-reused 0
remote: Resolving deltas: 100% (2/2), completed with 2 local objects.
remote: This repository moved. Please use the new location:
remote:   https://github.com/Ketan9/ml-predict-salary-july-2020.git
To https://github.com/Ketan9/ml_predict_salary_july_2020.git
   705e8e4..74ce6b0  master -> master

Ketan.Bhikadiya@91ISDL035219 MINGW64 /c/Python_SPark/Deploy_ML_Model/ml_predict_salary_july_2020 (master)
$ cd .github/

Ketan.Bhikadiya@91ISDL035219 MINGW64 /c/Python_SPark/Deploy_ML_Model/ml_predict_salary_july_2020/.github (master)
$ cd workflows/

Ketan.Bhikadiya@91ISDL035219 MINGW64 /c/Python_SPark/Deploy_ML_Model/ml_predict_salary_july_2020/.github/workflows (master)
$ notepad++ python-app.yml

Ketan.Bhikadiya@91ISDL035219 MINGW64 /c/Python_SPark/Deploy_ML_Model/ml_predict_salary_july_2020/.github/workflows (master)
$ cd ..

Ketan.Bhikadiya@91ISDL035219 MINGW64 /c/Python_SPark/Deploy_ML_Model/ml_predict_salary_july_2020/.github (master)
$ cd ..

Ketan.Bhikadiya@91ISDL035219 MINGW64 /c/Python_SPark/Deploy_ML_Model/ml_predict_salary_july_2020 (master)
$ ls
__pycache__/  git_new_v1.txt  model.py  README.md   requirements.txt
app.py        model.pkl       Procfile  request.py  templates/

Ketan.Bhikadiya@91ISDL035219 MINGW64 /c/Python_SPark/Deploy_ML_Model/ml_predict_salary_july_2020 (master)
$ notepad++ Procfile

Ketan.Bhikadiya@91ISDL035219 MINGW64 /c/Python_SPark/Deploy_ML_Model/ml_predict_salary_july_2020 (master)
$ notepad++ runtime.txt

Ketan.Bhikadiya@91ISDL035219 MINGW64 /c/Python_SPark/Deploy_ML_Model/ml_predict_salary_july_2020 (master)
$ touch runtime.txt

Ketan.Bhikadiya@91ISDL035219 MINGW64 /c/Python_SPark/Deploy_ML_Model/ml_predict_salary_july_2020 (master)
$ notepad++ runtime.txt

Ketan.Bhikadiya@91ISDL035219 MINGW64 /c/Python_SPark/Deploy_ML_Model/ml_predict_salary_july_2020 (master)
$ notepad++ re
README.md         request.py        requirements.txt

Ketan.Bhikadiya@91ISDL035219 MINGW64 /c/Python_SPark/Deploy_ML_Model/ml_predict_salary_july_2020 (master)
$ notepad++ requirements.txt

Ketan.Bhikadiya@91ISDL035219 MINGW64 /c/Python_SPark/Deploy_ML_Model/ml_predict_salary_july_2020 (master)
$ git status
On branch master
Your branch is up to date with 'origin/master'.

Changes not staged for commit:
  (use "git add <file>..." to update what will be committed)
  (use "git restore <file>..." to discard changes in working directory)
        modified:   .github/workflows/python-app.yml
        modified:   requirements.txt

Untracked files:
  (use "git add <file>..." to include in what will be committed)
        runtime.txt

no changes added to commit (use "git add" and/or "git commit -a")

Ketan.Bhikadiya@91ISDL035219 MINGW64 /c/Python_SPark/Deploy_ML_Model/ml_predict_salary_july_2020 (master)
$ git add .

Ketan.Bhikadiya@91ISDL035219 MINGW64 /c/Python_SPark/Deploy_ML_Model/ml_predict_salary_july_2020 (master)
$ git commit -m "final commit"
[master eedf19d] final commit
 3 files changed, 13 insertions(+), 1 deletion(-)
 create mode 100644 runtime.txt

Ketan.Bhikadiya@91ISDL035219 MINGW64 /c/Python_SPark/Deploy_ML_Model/ml_predict_salary_july_2020 (master)
$ git push
Enumerating objects: 12, done.
Counting objects: 100% (12/12), done.
Delta compression using up to 4 threads
Compressing objects: 100% (4/4), done.
Writing objects: 100% (7/7), 784 bytes | 196.00 KiB/s, done.
Total 7 (delta 3), reused 0 (delta 0), pack-reused 0
remote: Resolving deltas: 100% (3/3), completed with 3 local objects.
remote: This repository moved. Please use the new location:
remote:   https://github.com/Ketan9/ml-predict-salary-july-2020.git
To https://github.com/Ketan9/ml_predict_salary_july_2020.git
   74ce6b0..eedf19d  master -> master

Ketan.Bhikadiya@91ISDL035219 MINGW64 /c/Python_SPark/Deploy_ML_Model/ml_predict_salary_july_2020 (master)
$ git pull
Already up to date.

Ketan.Bhikadiya@91ISDL035219 MINGW64 /c/Python_SPark/Deploy_ML_Model/ml_predict_salary_july_2020 (master)
$ git push
Everything up-to-date

Ketan.Bhikadiya@91ISDL035219 MINGW64 /c/Python_SPark/Deploy_ML_Model/ml_predict_salary_july_2020 (master)
$ git push heroku master
fatal: 'heroku' does not appear to be a git repository
fatal: Could not read from remote repository.

Please make sure you have the correct access rights
and the repository exists.

Ketan.Bhikadiya@91ISDL035219 MINGW64 /c/Python_SPark/Deploy_ML_Model/ml_predict_salary_july_2020 (master)
$ git push -f
Everything up-to-date

Ketan.Bhikadiya@91ISDL035219 MINGW64 /c/Python_SPark/Deploy_ML_Model/ml_predict_salary_july_2020 (master)
$ pwd
/c/Python_SPark/Deploy_ML_Model/ml_predict_salary_july_2020

Ketan.Bhikadiya@91ISDL035219 MINGW64 /c/Python_SPark/Deploy_ML_Model/ml_predict_salary_july_2020 (master)
$ ls
__pycache__/  git_new_v1.txt  model.py  README.md   requirements.txt  templates/
app.py        model.pkl       Procfile  request.py  runtime.txt

Ketan.Bhikadiya@91ISDL035219 MINGW64 /c/Python_SPark/Deploy_ML_Model/ml_predict_salary_july_2020 (master)
$ del runtime.txt
bash: del: command not found

Ketan.Bhikadiya@91ISDL035219 MINGW64 /c/Python_SPark/Deploy_ML_Model/ml_predict_salary_july_2020 (master)
$ rm runtime.txt

Ketan.Bhikadiya@91ISDL035219 MINGW64 /c/Python_SPark/Deploy_ML_Model/ml_predict_salary_july_2020 (master)
$ ls
__pycache__/  git_new_v1.txt  model.py  README.md   requirements.txt
app.py        model.pkl       Procfile  request.py  templates/

Ketan.Bhikadiya@91ISDL035219 MINGW64 /c/Python_SPark/Deploy_ML_Model/ml_predict_salary_july_2020 (master)
$ git status
On branch master
Your branch is up to date with 'origin/master'.

Changes not staged for commit:
  (use "git add/rm <file>..." to update what will be committed)
  (use "git restore <file>..." to discard changes in working directory)
        deleted:    runtime.txt

no changes added to commit (use "git add" and/or "git commit -a")

Ketan.Bhikadiya@91ISDL035219 MINGW64 /c/Python_SPark/Deploy_ML_Model/ml_predict_salary_july_2020 (master)
$ git add .

Ketan.Bhikadiya@91ISDL035219 MINGW64 /c/Python_SPark/Deploy_ML_Model/ml_predict_salary_july_2020 (master)
$ git commit -m "master change"
[master 62314ae] master change
 1 file changed, 1 deletion(-)
 delete mode 100644 runtime.txt

Ketan.Bhikadiya@91ISDL035219 MINGW64 /c/Python_SPark/Deploy_ML_Model/ml_predict_salary_july_2020 (master)
$ git fetch

Ketan.Bhikadiya@91ISDL035219 MINGW64 /c/Python_SPark/Deploy_ML_Model/ml_predict_salary_july_2020 (master)
$ git pull
Already up to date.

Ketan.Bhikadiya@91ISDL035219 MINGW64 /c/Python_SPark/Deploy_ML_Model/ml_predict_salary_july_2020 (master)
$ git push
Enumerating objects: 3, done.
Counting objects: 100% (3/3), done.
Delta compression using up to 4 threads
Compressing objects: 100% (2/2), done.
Writing objects: 100% (2/2), 226 bytes | 226.00 KiB/s, done.
Total 2 (delta 1), reused 0 (delta 0), pack-reused 0
remote: Resolving deltas: 100% (1/1), completed with 1 local object.
remote: This repository moved. Please use the new location:
remote:   https://github.com/Ketan9/ml-predict-salary-july-2020.git
To https://github.com/Ketan9/ml_predict_salary_july_2020.git
   eedf19d..62314ae  master -> master

Ketan.Bhikadiya@91ISDL035219 MINGW64 /c/Python_SPark/Deploy_ML_Model/ml_predict_salary_july_2020 (master)
$ cd .g
bash: cd: .g: No such file or directory

Ketan.Bhikadiya@91ISDL035219 MINGW64 /c/Python_SPark/Deploy_ML_Model/ml_predict_salary_july_2020 (master)
$ cd .github/

Ketan.Bhikadiya@91ISDL035219 MINGW64 /c/Python_SPark/Deploy_ML_Model/ml_predict_salary_july_2020/.github (master)
$ cd workflows/

Ketan.Bhikadiya@91ISDL035219 MINGW64 /c/Python_SPark/Deploy_ML_Model/ml_predict_salary_july_2020/.github/workflows (master)
$ notepad++

Ketan.Bhikadiya@91ISDL035219 MINGW64 /c/Python_SPark/Deploy_ML_Model/ml_predict_salary_july_2020/.github/workflows (master)
$ notepad++ python-app.yml

Ketan.Bhikadiya@91ISDL035219 MINGW64 /c/Python_SPark/Deploy_ML_Model/ml_predict_salary_july_2020/.github/workflows (master)
$ cd ..

Ketan.Bhikadiya@91ISDL035219 MINGW64 /c/Python_SPark/Deploy_ML_Model/ml_predict_salary_july_2020/.github (master)
$ cd .

Ketan.Bhikadiya@91ISDL035219 MINGW64 /c/Python_SPark/Deploy_ML_Model/ml_predict_salary_july_2020/.github (master)
$ cd ..

Ketan.Bhikadiya@91ISDL035219 MINGW64 /c/Python_SPark/Deploy_ML_Model/ml_predict_salary_july_2020 (master)
$ pwd
/c/Python_SPark/Deploy_ML_Model/ml_predict_salary_july_2020

Ketan.Bhikadiya@91ISDL035219 MINGW64 /c/Python_SPark/Deploy_ML_Model/ml_predict_salary_july_2020 (master)
$ git status
On branch master
Your branch is up to date with 'origin/master'.

Changes not staged for commit:
  (use "git add <file>..." to update what will be committed)
  (use "git restore <file>..." to discard changes in working directory)
        modified:   .github/workflows/python-app.yml

no changes added to commit (use "git add" and/or "git commit -a")

Ketan.Bhikadiya@91ISDL035219 MINGW64 /c/Python_SPark/Deploy_ML_Model/ml_predict_salary_july_2020 (master)
$ git add .

Ketan.Bhikadiya@91ISDL035219 MINGW64 /c/Python_SPark/Deploy_ML_Model/ml_predict_salary_july_2020 (master)
$ git commit -m "done at 5.39"
[master 1b112bf] done at 5.39
 1 file changed, 1 deletion(-)

Ketan.Bhikadiya@91ISDL035219 MINGW64 /c/Python_SPark/Deploy_ML_Model/ml_predict_salary_july_2020 (master)
$ git push
Enumerating objects: 9, done.
Counting objects: 100% (9/9), done.
Delta compression using up to 4 threads
Compressing objects: 100% (3/3), done.
Writing objects: 100% (5/5), 398 bytes | 398.00 KiB/s, done.
Total 5 (delta 2), reused 0 (delta 0), pack-reused 0
remote: Resolving deltas: 100% (2/2), completed with 2 local objects.
remote: This repository moved. Please use the new location:
remote:   https://github.com/Ketan9/ml-predict-salary-july-2020.git
To https://github.com/Ketan9/ml_predict_salary_july_2020.git
   62314ae..1b112bf  master -> master

Ketan.Bhikadiya@91ISDL035219 MINGW64 /c/Python_SPark/Deploy_ML_Model/ml_predict_salary_july_2020 (master)
$
